
PS C:\Users\Dell\Desktop\JavaProgramsWeek3> cd ..
PS C:\Users\Dell\Desktop> cd Group2_Abijeet
PS C:\Users\Dell\Desktop\Group2_Abijeet> git status
On branch shweta
Your branch is up to date with 'origin/shweta'.

Changes to be committed:
  (use "git restore --staged <file>..." to unstage)
        new file:   week4/Sweta week 1.txt

PS C:\Users\Dell\Desktop\Group2_Abijeet> git commit -m "test file"  
[shweta b0b512b] test file
 1 file changed, 1 insertion(+)
 create mode 100644 week4/Sweta week 1.txt
PS C:\Users\Dell\Desktop\Group2_Abijeet> git push
Enumerating objects: 5, done.
Counting objects: 100% (5/5), done.
Delta compression using up to 16 threads
Compressing objects: 100% (2/2), done.
Writing objects: 100% (4/4), 369 bytes | 369.00 KiB/s, done.
Total 4 (delta 0), reused 1 (delta 0), pack-reused 0 (from 0)
To https://github.com/71zenn/Group2_Abijeet.git
   d463ea0..b0b512b  shweta -> shweta
PS C:\Users\Dell\Desktop\Group2_Abijeet> git status
On branch shweta
Your branch is up to date with 'origin/shweta'.

Changes not staged for commit:
  (use "git add/rm <file>..." to update what will be committed)
  (use "git restore <file>..." to discard changes in working directory)
        deleted:    week4/Sweta week 1.txt

no changes added to commit (use "git add" and/or "git commit -a")
PS C:\Users\Dell\Desktop\Group2_Abijeet> git add .
Total 2 (delta 1), reused 0 (delta 0), pack-reused 0 (from 0)
remote: Resolving deltas: 100% (1/1), completed with 1 local object.
To https://github.com/71zenn/Group2_Abijeet.git
   b0b512b..d3eb6ea  shweta -> shweta
PS C:\Users\Dell\Desktop\Group2_Abijeet>